--------------------------------------------------------------------------------------
Timing Analyzer Summary
--------------------------------------------------------------------------------------

Type           : Worst-case tsu
Slack          : N/A
Required Time  : None
Actual Time    : 11.381 ns
From           : INSTRUCTION[0]
To             : programcounter:inst23|pcout[13]
From Clock     : --
To Clock       : CLK_LINE
Failed Paths   : 0

Type           : Worst-case tco
Slack          : N/A
Required Time  : None
Actual Time    : 11.989 ns
From           : controlunit:inst|memwriteout
To             : MEM_WRITE
From Clock     : INSTRUCTION[8]
To Clock       : --
Failed Paths   : 0

Type           : Worst-case tpd
Slack          : N/A
Required Time  : None
Actual Time    : 13.693 ns
From           : INSTRUCTION[8]
To             : ACC_LOAD
From Clock     : --
To Clock       : --
Failed Paths   : 0

Type           : Worst-case th
Slack          : N/A
Required Time  : None
Actual Time    : 5.223 ns
From           : INSTRUCTION[9]
To             : controlunit:inst|beqout
From Clock     : --
To Clock       : INSTRUCTION[12]
Failed Paths   : 0

Type           : Clock Setup: 'CLK_LINE'
Slack          : N/A
Required Time  : None
Actual Time    : Restricted to 275.03 MHz ( period = 3.636 ns )
From           : programcounter:inst23|pcout[0]
To             : programcounter:inst23|pcout[13]
From Clock     : CLK_LINE
To Clock       : CLK_LINE
Failed Paths   : 0

Type           : Total number of failed paths
Slack          : 
Required Time  : 
Actual Time    : 
From           : 
To             : 
From Clock     : 
To Clock       : 
Failed Paths   : 0

--------------------------------------------------------------------------------------

