Classic Timing Analyzer report for adder
Wed Oct 25 15:11:06 2017
Quartus II Version 9.1 Build 304 01/25/2010 Service Pack 1 SJ Web Edition


---------------------
; Table of Contents ;
---------------------
  1. Legal Notice
  2. Timing Analyzer Summary
  3. Timing Analyzer Settings
  4. Parallel Compilation
  5. tpd
  6. Timing Analyzer Messages



----------------
; Legal Notice ;
----------------
Copyright (C) 1991-2010 Altera Corporation
Your use of Altera Corporation's design tools, logic functions 
and other software and tools, and its AMPP partner logic 
functions, and any output files from any of the foregoing 
(including device programming or simulation files), and any 
associated documentation or information are expressly subject 
to the terms and conditions of the Altera Program License 
Subscription Agreement, Altera MegaCore Function License 
Agreement, or other applicable license agreement, including, 
without limitation, that your use is for the sole purpose of 
programming logic devices manufactured by Altera and sold by 
Altera or its authorized distributors.  Please refer to the 
applicable agreement for further details.



+---------------------------------------------------------------------------------------------------------------------------------------+
; Timing Analyzer Summary                                                                                                               ;
+------------------------------+-------+---------------+-------------+------------+--------------+------------+----------+--------------+
; Type                         ; Slack ; Required Time ; Actual Time ; From       ; To           ; From Clock ; To Clock ; Failed Paths ;
+------------------------------+-------+---------------+-------------+------------+--------------+------------+----------+--------------+
; Worst-case tpd               ; N/A   ; None          ; 20.833 ns   ; adderin[0] ; adderout[13] ; --         ; --       ; 0            ;
; Total number of failed paths ;       ;               ;             ;            ;              ;            ;          ; 0            ;
+------------------------------+-------+---------------+-------------+------------+--------------+------------+----------+--------------+


+-----------------------------------------------------------------------------------------------------------------------------------------------------+
; Timing Analyzer Settings                                                                                                                            ;
+------------------------------------------------------------------------------------------------------+--------------------+------+----+-------------+
; Option                                                                                               ; Setting            ; From ; To ; Entity Name ;
+------------------------------------------------------------------------------------------------------+--------------------+------+----+-------------+
; Device Name                                                                                          ; EP1C12F324C8       ;      ;    ;             ;
; Timing Models                                                                                        ; Final              ;      ;    ;             ;
; Default hold multicycle                                                                              ; Same as Multicycle ;      ;    ;             ;
; Cut paths between unrelated clock domains                                                            ; On                 ;      ;    ;             ;
; Cut off read during write signal paths                                                               ; On                 ;      ;    ;             ;
; Cut off feedback from I/O pins                                                                       ; On                 ;      ;    ;             ;
; Report Combined Fast/Slow Timing                                                                     ; Off                ;      ;    ;             ;
; Ignore Clock Settings                                                                                ; Off                ;      ;    ;             ;
; Analyze latches as synchronous elements                                                              ; On                 ;      ;    ;             ;
; Enable Recovery/Removal analysis                                                                     ; Off                ;      ;    ;             ;
; Enable Clock Latency                                                                                 ; Off                ;      ;    ;             ;
; Use TimeQuest Timing Analyzer                                                                        ; Off                ;      ;    ;             ;
; Minimum Core Junction Temperature                                                                    ; 0                  ;      ;    ;             ;
; Maximum Core Junction Temperature                                                                    ; 85                 ;      ;    ;             ;
; Number of source nodes to report per destination node                                                ; 10                 ;      ;    ;             ;
; Number of destination nodes to report                                                                ; 10                 ;      ;    ;             ;
; Number of paths to report                                                                            ; 200                ;      ;    ;             ;
; Report Minimum Timing Checks                                                                         ; Off                ;      ;    ;             ;
; Use Fast Timing Models                                                                               ; Off                ;      ;    ;             ;
; Report IO Paths Separately                                                                           ; Off                ;      ;    ;             ;
; Perform Multicorner Analysis                                                                         ; Off                ;      ;    ;             ;
; Reports the worst-case path for each clock domain and analysis                                       ; Off                ;      ;    ;             ;
; Reports worst-case timing paths for each clock domain and analysis                                   ; On                 ;      ;    ;             ;
; Specifies the maximum number of worst-case timing paths to report for each clock domain and analysis ; 100                ;      ;    ;             ;
; Removes common clock path pessimism (CCPP) during slack computation                                  ; Off                ;      ;    ;             ;
; Output I/O Timing Endpoint                                                                           ; Near End           ;      ;    ;             ;
+------------------------------------------------------------------------------------------------------+--------------------+------+----+-------------+


Parallel compilation was disabled, but you have multiple processors available. Enable parallel compilation to reduce compilation time.
+-------------------------------------+
; Parallel Compilation                ;
+----------------------------+--------+
; Processors                 ; Number ;
+----------------------------+--------+
; Number detected on machine ; 4      ;
; Maximum allowed            ; 1      ;
+----------------------------+--------+


+----------------------------------------------------------------------------------------------------------------------------------------------+
; tpd                                                                                                                                          ;
+-----------------------------------------+-----------------------------------------------------+-----------------+-------------+--------------+
; Slack                                   ; Required P2P Time                                   ; Actual P2P Time ; From        ; To           ;
+-----------------------------------------+-----------------------------------------------------+-----------------+-------------+--------------+
; N/A                                     ; None                                                ; 20.833 ns       ; adderin[0]  ; adderout[13] ;
; N/A                                     ; None                                                ; 20.673 ns       ; offset[8]   ; adderout[13] ;
; N/A                                     ; None                                                ; 20.494 ns       ; adderin[0]  ; adderout[7]  ;
; N/A                                     ; None                                                ; 20.440 ns       ; adderin[0]  ; adderout[6]  ;
; N/A                                     ; None                                                ; 20.390 ns       ; offset[12]  ; adderout[13] ;
; N/A                                     ; None                                                ; 19.551 ns       ; adderin[0]  ; adderout[3]  ;
; N/A                                     ; None                                                ; 18.671 ns       ; adderin[0]  ; adderout[10] ;
; N/A                                     ; None                                                ; 18.255 ns       ; offset[8]   ; adderout[10] ;
; N/A                                     ; None                                                ; 18.144 ns       ; offset[1]   ; adderout[13] ;
; N/A                                     ; None                                                ; 17.868 ns       ; adderin[0]  ; adderout[11] ;
; N/A                                     ; None                                                ; 17.805 ns       ; offset[1]   ; adderout[7]  ;
; N/A                                     ; None                                                ; 17.751 ns       ; offset[1]   ; adderout[6]  ;
; N/A                                     ; None                                                ; 17.532 ns       ; offset[8]   ; adderout[11] ;
; N/A                                     ; None                                                ; 17.383 ns       ; offset[5]   ; adderout[13] ;
; N/A                                     ; None                                                ; 17.360 ns       ; adderin[3]  ; adderout[13] ;
; N/A                                     ; None                                                ; 17.298 ns       ; adderin[2]  ; adderout[13] ;
; N/A                                     ; None                                                ; 17.178 ns       ; adderin[0]  ; adderout[1]  ;
; N/A                                     ; None                                                ; 17.096 ns       ; adderin[9]  ; adderout[13] ;
; N/A                                     ; None                                                ; 16.981 ns       ; offset[5]   ; adderout[7]  ;
; N/A                                     ; None                                                ; 16.959 ns       ; adderin[2]  ; adderout[7]  ;
; N/A                                     ; None                                                ; 16.958 ns       ; adderin[3]  ; adderout[7]  ;
; N/A                                     ; None                                                ; 16.905 ns       ; adderin[2]  ; adderout[6]  ;
; N/A                                     ; None                                                ; 16.862 ns       ; offset[4]   ; adderout[13] ;
; N/A                                     ; None                                                ; 16.862 ns       ; offset[1]   ; adderout[3]  ;
; N/A                                     ; None                                                ; 16.847 ns       ; offset[5]   ; adderout[6]  ;
; N/A                                     ; None                                                ; 16.824 ns       ; adderin[3]  ; adderout[6]  ;
; N/A                                     ; None                                                ; 16.774 ns       ; adderin[5]  ; adderout[13] ;
; N/A                                     ; None                                                ; 16.752 ns       ; offset[3]   ; adderout[13] ;
; N/A                                     ; None                                                ; 16.749 ns       ; offset[7]   ; adderout[13] ;
; N/A                                     ; None                                                ; 16.649 ns       ; adderin[1]  ; adderout[13] ;
; N/A                                     ; None                                                ; 16.460 ns       ; offset[4]   ; adderout[7]  ;
; N/A                                     ; None                                                ; 16.423 ns       ; adderin[0]  ; adderout[15] ;
; N/A                                     ; None                                                ; 16.375 ns       ; adderin[7]  ; adderout[13] ;
; N/A                                     ; None                                                ; 16.370 ns       ; adderin[5]  ; adderout[7]  ;
; N/A                                     ; None                                                ; 16.350 ns       ; offset[3]   ; adderout[7]  ;
; N/A                                     ; None                                                ; 16.349 ns       ; adderin[0]  ; adderout[9]  ;
; N/A                                     ; None                                                ; 16.345 ns       ; adderin[0]  ; adderout[12] ;
; N/A                                     ; None                                                ; 16.342 ns       ; adderin[0]  ; adderout[8]  ;
; N/A                                     ; None                                                ; 16.326 ns       ; offset[4]   ; adderout[6]  ;
; N/A                                     ; None                                                ; 16.310 ns       ; adderin[1]  ; adderout[7]  ;
; N/A                                     ; None                                                ; 16.304 ns       ; adderin[11] ; adderout[13] ;
; N/A                                     ; None                                                ; 16.289 ns       ; offset[2]   ; adderout[13] ;
; N/A                                     ; None                                                ; 16.263 ns       ; offset[8]   ; adderout[15] ;
; N/A                                     ; None                                                ; 16.256 ns       ; adderin[1]  ; adderout[6]  ;
; N/A                                     ; None                                                ; 16.255 ns       ; adderin[4]  ; adderout[13] ;
; N/A                                     ; None                                                ; 16.250 ns       ; offset[0]   ; adderout[13] ;
; N/A                                     ; None                                                ; 16.236 ns       ; adderin[5]  ; adderout[6]  ;
; N/A                                     ; None                                                ; 16.232 ns       ; adderin[12] ; adderout[13] ;
; N/A                                     ; None                                                ; 16.216 ns       ; adderin[6]  ; adderout[13] ;
; N/A                                     ; None                                                ; 16.216 ns       ; offset[3]   ; adderout[6]  ;
; N/A                                     ; None                                                ; 16.207 ns       ; offset[13]  ; adderout[13] ;
; N/A                                     ; None                                                ; 16.192 ns       ; adderin[13] ; adderout[13] ;
; N/A                                     ; None                                                ; 16.089 ns       ; offset[8]   ; adderout[12] ;
; N/A                                     ; None                                                ; 16.085 ns       ; adderin[0]  ; adderout[5]  ;
; N/A                                     ; None                                                ; 16.066 ns       ; offset[10]  ; adderout[13] ;
; N/A                                     ; None                                                ; 16.044 ns       ; offset[6]   ; adderout[13] ;
; N/A                                     ; None                                                ; 16.016 ns       ; adderin[2]  ; adderout[3]  ;
; N/A                                     ; None                                                ; 15.982 ns       ; offset[1]   ; adderout[10] ;
; N/A                                     ; None                                                ; 15.981 ns       ; adderin[0]  ; adderout[14] ;
; N/A                                     ; None                                                ; 15.980 ns       ; offset[12]  ; adderout[15] ;
; N/A                                     ; None                                                ; 15.950 ns       ; offset[2]   ; adderout[7]  ;
; N/A                                     ; None                                                ; 15.911 ns       ; offset[0]   ; adderout[7]  ;
; N/A                                     ; None                                                ; 15.896 ns       ; offset[2]   ; adderout[6]  ;
; N/A                                     ; None                                                ; 15.867 ns       ; offset[11]  ; adderout[13] ;
; N/A                                     ; None                                                ; 15.857 ns       ; offset[0]   ; adderout[6]  ;
; N/A                                     ; None                                                ; 15.853 ns       ; offset[8]   ; adderout[9]  ;
; N/A                                     ; None                                                ; 15.853 ns       ; adderin[4]  ; adderout[7]  ;
; N/A                                     ; None                                                ; 15.849 ns       ; adderin[0]  ; adderout[2]  ;
; N/A                                     ; None                                                ; 15.821 ns       ; offset[8]   ; adderout[14] ;
; N/A                                     ; None                                                ; 15.812 ns       ; adderin[6]  ; adderout[7]  ;
; N/A                                     ; None                                                ; 15.747 ns       ; offset[7]   ; adderout[7]  ;
; N/A                                     ; None                                                ; 15.719 ns       ; adderin[4]  ; adderout[6]  ;
; N/A                                     ; None                                                ; 15.638 ns       ; offset[6]   ; adderout[7]  ;
; N/A                                     ; None                                                ; 15.637 ns       ; adderin[0]  ; adderout[4]  ;
; N/A                                     ; None                                                ; 15.538 ns       ; offset[12]  ; adderout[14] ;
; N/A                                     ; None                                                ; 15.397 ns       ; adderin[10] ; adderout[13] ;
; N/A                                     ; None                                                ; 15.375 ns       ; adderin[7]  ; adderout[7]  ;
; N/A                                     ; None                                                ; 15.367 ns       ; adderin[1]  ; adderout[3]  ;
; N/A                                     ; None                                                ; 15.253 ns       ; offset[8]   ; adderout[8]  ;
; N/A                                     ; None                                                ; 15.231 ns       ; offset[12]  ; adderout[12] ;
; N/A                                     ; None                                                ; 15.221 ns       ; offset[5]   ; adderout[10] ;
; N/A                                     ; None                                                ; 15.198 ns       ; adderin[3]  ; adderout[10] ;
; N/A                                     ; None                                                ; 15.182 ns       ; adderin[3]  ; adderout[3]  ;
; N/A                                     ; None                                                ; 15.179 ns       ; offset[1]   ; adderout[11] ;
; N/A                                     ; None                                                ; 15.175 ns       ; adderin[0]  ; adderout[0]  ;
; N/A                                     ; None                                                ; 15.165 ns       ; adderin[6]  ; adderout[6]  ;
; N/A                                     ; None                                                ; 15.136 ns       ; adderin[2]  ; adderout[10] ;
; N/A                                     ; None                                                ; 15.007 ns       ; offset[2]   ; adderout[3]  ;
; N/A                                     ; None                                                ; 14.986 ns       ; offset[6]   ; adderout[6]  ;
; N/A                                     ; None                                                ; 14.968 ns       ; offset[0]   ; adderout[3]  ;
; N/A                                     ; None                                                ; 14.700 ns       ; offset[4]   ; adderout[10] ;
; N/A                                     ; None                                                ; 14.674 ns       ; adderin[9]  ; adderout[10] ;
; N/A                                     ; None                                                ; 14.612 ns       ; adderin[5]  ; adderout[10] ;
; N/A                                     ; None                                                ; 14.590 ns       ; offset[3]   ; adderout[10] ;
; N/A                                     ; None                                                ; 14.587 ns       ; offset[7]   ; adderout[10] ;
; N/A                                     ; None                                                ; 14.569 ns       ; offset[3]   ; adderout[3]  ;
; N/A                                     ; None                                                ; 14.487 ns       ; adderin[1]  ; adderout[10] ;
; N/A                                     ; None                                                ; 14.418 ns       ; offset[5]   ; adderout[11] ;
; N/A                                     ; None                                                ; 14.395 ns       ; adderin[3]  ; adderout[11] ;
; N/A                                     ; None                                                ; 14.333 ns       ; adderin[2]  ; adderout[11] ;
; N/A                                     ; None                                                ; 14.213 ns       ; adderin[7]  ; adderout[10] ;
; N/A                                     ; None                                                ; 14.127 ns       ; offset[2]   ; adderout[10] ;
; N/A                                     ; None                                                ; 14.093 ns       ; adderin[4]  ; adderout[10] ;
; N/A                                     ; None                                                ; 14.088 ns       ; offset[0]   ; adderout[10] ;
; N/A                                     ; None                                                ; 14.054 ns       ; adderin[6]  ; adderout[10] ;
; N/A                                     ; None                                                ; 13.974 ns       ; offset[1]   ; adderout[1]  ;
; N/A                                     ; None                                                ; 13.951 ns       ; adderin[9]  ; adderout[11] ;
; N/A                                     ; None                                                ; 13.897 ns       ; offset[4]   ; adderout[11] ;
; N/A                                     ; None                                                ; 13.882 ns       ; offset[6]   ; adderout[10] ;
; N/A                                     ; None                                                ; 13.809 ns       ; adderin[5]  ; adderout[11] ;
; N/A                                     ; None                                                ; 13.787 ns       ; offset[3]   ; adderout[11] ;
; N/A                                     ; None                                                ; 13.784 ns       ; offset[7]   ; adderout[11] ;
; N/A                                     ; None                                                ; 13.734 ns       ; offset[1]   ; adderout[15] ;
; N/A                                     ; None                                                ; 13.684 ns       ; adderin[1]  ; adderout[11] ;
; N/A                                     ; None                                                ; 13.660 ns       ; offset[1]   ; adderout[9]  ;
; N/A                                     ; None                                                ; 13.656 ns       ; offset[1]   ; adderout[12] ;
; N/A                                     ; None                                                ; 13.653 ns       ; offset[1]   ; adderout[8]  ;
; N/A                                     ; None                                                ; 13.442 ns       ; offset[9]   ; adderout[13] ;
; N/A                                     ; None                                                ; 13.410 ns       ; adderin[7]  ; adderout[11] ;
; N/A                                     ; None                                                ; 13.396 ns       ; offset[1]   ; adderout[5]  ;
; N/A                                     ; None                                                ; 13.324 ns       ; offset[2]   ; adderout[11] ;
; N/A                                     ; None                                                ; 13.292 ns       ; offset[1]   ; adderout[14] ;
; N/A                                     ; None                                                ; 13.290 ns       ; adderin[4]  ; adderout[11] ;
; N/A                                     ; None                                                ; 13.285 ns       ; offset[0]   ; adderout[11] ;
; N/A                                     ; None                                                ; 13.251 ns       ; adderin[6]  ; adderout[11] ;
; N/A                                     ; None                                                ; 13.158 ns       ; offset[1]   ; adderout[2]  ;
; N/A                                     ; None                                                ; 13.131 ns       ; offset[10]  ; adderout[10] ;
; N/A                                     ; None                                                ; 13.079 ns       ; offset[6]   ; adderout[11] ;
; N/A                                     ; None                                                ; 13.016 ns       ; adderin[8]  ; adderout[13] ;
; N/A                                     ; None                                                ; 12.973 ns       ; offset[5]   ; adderout[15] ;
; N/A                                     ; None                                                ; 12.950 ns       ; adderin[3]  ; adderout[15] ;
; N/A                                     ; None                                                ; 12.948 ns       ; offset[1]   ; adderout[4]  ;
; N/A                                     ; None                                                ; 12.921 ns       ; offset[10]  ; adderout[11] ;
; N/A                                     ; None                                                ; 12.899 ns       ; offset[5]   ; adderout[9]  ;
; N/A                                     ; None                                                ; 12.895 ns       ; offset[5]   ; adderout[12] ;
; N/A                                     ; None                                                ; 12.892 ns       ; offset[5]   ; adderout[8]  ;
; N/A                                     ; None                                                ; 12.888 ns       ; adderin[2]  ; adderout[15] ;
; N/A                                     ; None                                                ; 12.876 ns       ; adderin[3]  ; adderout[9]  ;
; N/A                                     ; None                                                ; 12.872 ns       ; adderin[3]  ; adderout[12] ;
; N/A                                     ; None                                                ; 12.869 ns       ; adderin[3]  ; adderout[8]  ;
; N/A                                     ; None                                                ; 12.814 ns       ; adderin[2]  ; adderout[9]  ;
; N/A                                     ; None                                                ; 12.810 ns       ; adderin[2]  ; adderout[12] ;
; N/A                                     ; None                                                ; 12.807 ns       ; adderin[2]  ; adderout[8]  ;
; N/A                                     ; None                                                ; 12.686 ns       ; adderin[9]  ; adderout[15] ;
; N/A                                     ; None                                                ; 12.644 ns       ; adderin[11] ; adderout[11] ;
; N/A                                     ; None                                                ; 12.593 ns       ; offset[0]   ; adderout[1]  ;
; N/A                                     ; None                                                ; 12.550 ns       ; adderin[2]  ; adderout[5]  ;
; N/A                                     ; None                                                ; 12.531 ns       ; offset[5]   ; adderout[14] ;
; N/A                                     ; None                                                ; 12.508 ns       ; adderin[3]  ; adderout[14] ;
; N/A                                     ; None                                                ; 12.508 ns       ; adderin[9]  ; adderout[12] ;
; N/A                                     ; None                                                ; 12.475 ns       ; offset[13]  ; adderout[15] ;
; N/A                                     ; None                                                ; 12.472 ns       ; adderin[1]  ; adderout[1]  ;
; N/A                                     ; None                                                ; 12.455 ns       ; adderin[13] ; adderout[15] ;
; N/A                                     ; None                                                ; 12.455 ns       ; adderin[10] ; adderout[10] ;
; N/A                                     ; None                                                ; 12.452 ns       ; offset[4]   ; adderout[15] ;
; N/A                                     ; None                                                ; 12.446 ns       ; adderin[2]  ; adderout[14] ;
; N/A                                     ; None                                                ; 12.389 ns       ; adderin[3]  ; adderout[5]  ;
; N/A                                     ; None                                                ; 12.378 ns       ; offset[4]   ; adderout[9]  ;
; N/A                                     ; None                                                ; 12.374 ns       ; offset[4]   ; adderout[12] ;
; N/A                                     ; None                                                ; 12.371 ns       ; offset[4]   ; adderout[8]  ;
; N/A                                     ; None                                                ; 12.364 ns       ; adderin[5]  ; adderout[15] ;
; N/A                                     ; None                                                ; 12.342 ns       ; offset[3]   ; adderout[15] ;
; N/A                                     ; None                                                ; 12.339 ns       ; offset[7]   ; adderout[15] ;
; N/A                                     ; None                                                ; 12.290 ns       ; adderin[5]  ; adderout[9]  ;
; N/A                                     ; None                                                ; 12.286 ns       ; adderin[5]  ; adderout[12] ;
; N/A                                     ; None                                                ; 12.283 ns       ; adderin[5]  ; adderout[8]  ;
; N/A                                     ; None                                                ; 12.268 ns       ; offset[3]   ; adderout[9]  ;
; N/A                                     ; None                                                ; 12.265 ns       ; offset[7]   ; adderout[9]  ;
; N/A                                     ; None                                                ; 12.264 ns       ; offset[3]   ; adderout[12] ;
; N/A                                     ; None                                                ; 12.261 ns       ; offset[7]   ; adderout[12] ;
; N/A                                     ; None                                                ; 12.261 ns       ; offset[3]   ; adderout[8]  ;
; N/A                                     ; None                                                ; 12.258 ns       ; offset[7]   ; adderout[8]  ;
; N/A                                     ; None                                                ; 12.250 ns       ; adderin[10] ; adderout[11] ;
; N/A                                     ; None                                                ; 12.244 ns       ; adderin[9]  ; adderout[14] ;
; N/A                                     ; None                                                ; 12.239 ns       ; adderin[1]  ; adderout[15] ;
; N/A                                     ; None                                                ; 12.200 ns       ; offset[11]  ; adderout[11] ;
; N/A                                     ; None                                                ; 12.165 ns       ; adderin[1]  ; adderout[9]  ;
; N/A                                     ; None                                                ; 12.161 ns       ; adderin[1]  ; adderout[12] ;
; N/A                                     ; None                                                ; 12.158 ns       ; adderin[1]  ; adderout[8]  ;
; N/A                                     ; None                                                ; 12.102 ns       ; adderin[2]  ; adderout[4]  ;
; N/A                                     ; None                                                ; 12.010 ns       ; offset[4]   ; adderout[14] ;
; N/A                                     ; None                                                ; 11.965 ns       ; adderin[7]  ; adderout[15] ;
; N/A                                     ; None                                                ; 11.953 ns       ; offset[13]  ; adderout[14] ;
; N/A                                     ; None                                                ; 11.933 ns       ; adderin[13] ; adderout[14] ;
; N/A                                     ; None                                                ; 11.922 ns       ; adderin[5]  ; adderout[14] ;
; N/A                                     ; None                                                ; 11.901 ns       ; adderin[1]  ; adderout[5]  ;
; N/A                                     ; None                                                ; 11.900 ns       ; offset[3]   ; adderout[14] ;
; N/A                                     ; None                                                ; 11.899 ns       ; offset[5]   ; adderout[5]  ;
; N/A                                     ; None                                                ; 11.897 ns       ; offset[7]   ; adderout[14] ;
; N/A                                     ; None                                                ; 11.894 ns       ; adderin[11] ; adderout[15] ;
; N/A                                     ; None                                                ; 11.891 ns       ; adderin[7]  ; adderout[9]  ;
; N/A                                     ; None                                                ; 11.891 ns       ; offset[4]   ; adderout[5]  ;
; N/A                                     ; None                                                ; 11.887 ns       ; adderin[7]  ; adderout[12] ;
; N/A                                     ; None                                                ; 11.884 ns       ; adderin[7]  ; adderout[8]  ;
; N/A                                     ; None                                                ; 11.879 ns       ; offset[2]   ; adderout[15] ;
; N/A                                     ; None                                                ; 11.861 ns       ; adderin[3]  ; adderout[4]  ;
; N/A                                     ; None                                                ; 11.845 ns       ; adderin[4]  ; adderout[15] ;
; N/A                                     ; None                                                ; 11.840 ns       ; offset[0]   ; adderout[15] ;
; N/A                                     ; None                                                ; 11.822 ns       ; adderin[12] ; adderout[15] ;
; N/A                                     ; None                                                ; 11.806 ns       ; adderin[6]  ; adderout[15] ;
; Timing analysis restricted to 200 rows. ; To change the limit use Settings (Assignments menu) ;                 ;             ;              ;
+-----------------------------------------+-----------------------------------------------------+-----------------+-------------+--------------+


+--------------------------+
; Timing Analyzer Messages ;
+--------------------------+
Info: *******************************************************************
Info: Running Quartus II Classic Timing Analyzer
    Info: Version 9.1 Build 304 01/25/2010 Service Pack 1 SJ Web Edition
    Info: Processing started: Wed Oct 25 15:11:06 2017
Info: Command: quartus_tan --read_settings_files=off --write_settings_files=off adder -c adder --timing_analysis_only
Info: Longest tpd from source pin "adderin[0]" to destination pin "adderout[13]" is 20.833 ns
    Info: 1: + IC(0.000 ns) + CELL(1.469 ns) = 1.469 ns; Loc. = PIN_M15; Fanout = 3; PIN Node = 'adderin[0]'
    Info: 2: + IC(9.511 ns) + CELL(0.564 ns) = 11.544 ns; Loc. = LC_X1_Y9_N2; Fanout = 2; COMB Node = 'Add0~2'
    Info: 3: + IC(0.000 ns) + CELL(0.078 ns) = 11.622 ns; Loc. = LC_X1_Y9_N3; Fanout = 2; COMB Node = 'Add0~7'
    Info: 4: + IC(0.000 ns) + CELL(0.178 ns) = 11.800 ns; Loc. = LC_X1_Y9_N4; Fanout = 6; COMB Node = 'Add0~12'
    Info: 5: + IC(0.000 ns) + CELL(0.208 ns) = 12.008 ns; Loc. = LC_X1_Y9_N9; Fanout = 6; COMB Node = 'Add0~37'
    Info: 6: + IC(0.000 ns) + CELL(0.136 ns) = 12.144 ns; Loc. = LC_X1_Y8_N4; Fanout = 3; COMB Node = 'Add0~62'
    Info: 7: + IC(0.000 ns) + CELL(0.621 ns) = 12.765 ns; Loc. = LC_X1_Y8_N5; Fanout = 1; COMB Node = 'Add0~65'
    Info: 8: + IC(5.944 ns) + CELL(2.124 ns) = 20.833 ns; Loc. = PIN_N17; Fanout = 0; PIN Node = 'adderout[13]'
    Info: Total cell delay = 5.378 ns ( 25.81 % )
    Info: Total interconnect delay = 15.455 ns ( 74.19 % )
Info: Quartus II Classic Timing Analyzer was successful. 0 errors, 0 warnings
    Info: Peak virtual memory: 187 megabytes
    Info: Processing ended: Wed Oct 25 15:11:06 2017
    Info: Elapsed time: 00:00:00
    Info: Total CPU time (on all processors): 00:00:00


